// Jest Snapshot v1, https://goo.gl/fbAQLP

exports[`ProductAndTalent renders correctly 1`] = `
<div>
  <div />
  <div />
</div>
`;

exports[`ProductAndTalent renders loading state 1`] = `
<div>
  <div />
  <div />
</div>
`;
