// Jest Snapshot v1, https://goo.gl/fbAQLP

exports[`Component renders correctly 1`] = `
<section>
  <header />
  <div>
    <div>
      <div />
      <div />
    </div>
    <div>
      <div />
      <div />
    </div>
    <div>
      <div />
      <div />
    </div>
  </div>
</section>
`;

exports[`Component renders loading state 1`] = `
<section>
  <header />
  <div>
    <div>
      <div />
      <div>
        <div
          className="MuiCircularProgress-root-1 MuiCircularProgress-colorPrimary-4 MuiCircularProgress-indeterminate-3"
          role="progressbar"
          style={
            Object {
              "height": 40,
              "width": 40,
            }
          }
        >
          <svg
            className="MuiCircularProgress-svg-6"
            viewBox="22 22 44 44"
          >
            <circle
              className="MuiCircularProgress-circle-7 MuiCircularProgress-circleIndeterminate-9"
              cx={44}
              cy={44}
              fill="none"
              r={20.2}
              strokeWidth={3.6}
              style={Object {}}
            />
          </svg>
        </div>
      </div>
    </div>
    <div>
      <div />
      <div>
        <div
          className="MuiCircularProgress-root-1 MuiCircularProgress-colorPrimary-4 MuiCircularProgress-indeterminate-3"
          role="progressbar"
          style={
            Object {
              "height": 40,
              "width": 40,
            }
          }
        >
          <svg
            className="MuiCircularProgress-svg-6"
            viewBox="22 22 44 44"
          >
            <circle
              className="MuiCircularProgress-circle-7 MuiCircularProgress-circleIndeterminate-9"
              cx={44}
              cy={44}
              fill="none"
              r={20.2}
              strokeWidth={3.6}
              style={Object {}}
            />
          </svg>
        </div>
      </div>
    </div>
    <div>
      <div />
      <div>
        <div
          className="MuiCircularProgress-root-1 MuiCircularProgress-colorPrimary-4 MuiCircularProgress-indeterminate-3"
          role="progressbar"
          style={
            Object {
              "height": 40,
              "width": 40,
            }
          }
        >
          <svg
            className="MuiCircularProgress-svg-6"
            viewBox="22 22 44 44"
          >
            <circle
              className="MuiCircularProgress-circle-7 MuiCircularProgress-circleIndeterminate-9"
              cx={44}
              cy={44}
              fill="none"
              r={20.2}
              strokeWidth={3.6}
              style={Object {}}
            />
          </svg>
        </div>
      </div>
    </div>
  </div>
</section>
`;

exports[`Component renders with data 1`] = `
<section>
  <header />
  <div>
    <div>
      <div />
      <div />
    </div>
    <div>
      <div />
      <div />
    </div>
    <div>
      <div />
      <div />
    </div>
  </div>
</section>
`;
