// Jest Snapshot v1, https://goo.gl/fbAQLP

exports[`Detail renders correctly 1`] = `null`;

exports[`Detail renders with data 1`] = `null`;
