// Jest Snapshot v1, https://goo.gl/fbAQLP

exports[`Grid renders correctly 1`] = `
<div
  className="MuiGrid-container-4 MuiGrid-direction-xs-column-7 MuiGrid-justify-xs-center-21"
>
  <div
    className=""
  >
    <div
      className="MuiPaper-root-101 MuiPaper-elevation2-105 MuiPaper-rounded-102 Component-paper-2"
    />
  </div>
</div>
`;
