// Jest Snapshot v1, https://goo.gl/fbAQLP

exports[`PersonalScore renders correctly 1`] = `null`;

exports[`PersonalScore renders with data 1`] = `null`;
