// Jest Snapshot v1, https://goo.gl/fbAQLP

exports[`ValidatorCard renders correctly 1`] = `
<div
  className="Component-main-10"
>
  <button
    className="MuiButtonBase-root-23"
    onBlur={[Function]}
    onClick={[Function]}
    onFocus={[Function]}
    onKeyDown={[Function]}
    onKeyUp={[Function]}
    onMouseDown={[Function]}
    onMouseLeave={[Function]}
    onMouseUp={[Function]}
    onTouchEnd={[Function]}
    onTouchMove={[Function]}
    onTouchStart={[Function]}
    tabIndex="0"
    type="button"
  >
    <div
      className="Component-card-1"
    >
      <div
        className="Component-heading-8"
      />
    </div>
    <span
      className="MuiTouchRipple-root-26"
    />
  </button>
</div>
`;
