// Jest Snapshot v1, https://goo.gl/fbAQLP

exports[`DrawerList renders child item 1`] = `
<div>
  <div
    className="MuiButtonBase-root-23 MuiListItem-root-13 MuiListItem-default-16 MuiListItem-gutters-20 MuiListItem-button-21 drawer-list__expand"
    onBlur={[Function]}
    onClick={[Function]}
    onFocus={[Function]}
    onKeyDown={[Function]}
    onKeyUp={[Function]}
    onMouseDown={[Function]}
    onMouseLeave={[Function]}
    onMouseUp={[Function]}
    onTouchEnd={[Function]}
    onTouchMove={[Function]}
    onTouchStart={[Function]}
    role="button"
    tabIndex="0"
  >
    <div />
    <div
      className="MuiListItemText-root-26 MuiListItemText-inset-27"
    />
    <svg
      aria-hidden="true"
      className="MuiSvgIcon-root-32"
      focusable="false"
      viewBox="0 0 24 24"
    >
      <path
        d="M16.59 8.59L12 13.17 7.41 8.59 6 10l6 6 6-6z"
      />
      <path
        d="M0 0h24v24H0z"
        fill="none"
      />
    </svg>
    <span
      className="MuiTouchRipple-root-39"
    />
  </div>
</div>
`;

exports[`DrawerList renders divider item 1`] = `
<hr
  className="MuiDivider-root-9"
/>
`;

exports[`DrawerList renders item 1`] = `null`;

exports[`DrawerList renders item with badge 1`] = `null`;

exports[`DrawerList renders item with badge color 1`] = `null`;

exports[`DrawerList renders mini drawer 1`] = `null`;

exports[`DrawerList renders title item 1`] = `
<li
  className="MuiListSubheader-root-3 MuiListSubheader-sticky-8 MuiListSubheader-gutters-6"
>
  test
</li>
`;
